[webapplayers.com/inspinia_admin-v2.1/index.html]
[backblue.gif]
[fade.gif]
[index.html]
[webapplayers.com/inspinia_admin-v2.1/css/bootstrap.min.css]
[webapplayers.com/inspinia_admin-v2.1/font-awesome/css/font-awesome.css]
[webapplayers.com/inspinia_admin-v2.1/css/plugins/toastr/toastr.min.css]
[webapplayers.com/inspinia_admin-v2.1/js/plugins/gritter/jquery.gritter.css]
[webapplayers.com/inspinia_admin-v2.1/css/animate.css]
[webapplayers.com/inspinia_admin-v2.1/img/profile_small.jpg]
[webapplayers.com/inspinia_admin-v2.1/css/style.css]
[webapplayers.com/inspinia_admin-v2.1/profile.html]
[webapplayers.com/inspinia_admin-v2.1/contacts.html]
[webapplayers.com/inspinia_admin-v2.1/mailbox.html]
[webapplayers.com/inspinia_admin-v2.1/login.html]
[webapplayers.com/inspinia_admin-v2.1/index-2.html]
[webapplayers.com/inspinia_admin-v2.1/dashboard_2.html]
[webapplayers.com/inspinia_admin-v2.1/dashboard_3.html]
[webapplayers.com/inspinia_admin-v2.1/dashboard_4_1.html]
[webapplayers.com/inspinia_admin-v2.1/layouts.html]
[webapplayers.com/inspinia_admin-v2.1/graph_flot.html]
[webapplayers.com/inspinia_admin-v2.1/graph_morris.html]
[webapplayers.com/inspinia_admin-v2.1/graph_rickshaw.html]
[webapplayers.com/inspinia_admin-v2.1/graph_chartjs.html]
[webapplayers.com/inspinia_admin-v2.1/graph_peity.html]
[webapplayers.com/inspinia_admin-v2.1/graph_sparkline.html]
[webapplayers.com/inspinia_admin-v2.1/mail_detail.html]
[webapplayers.com/inspinia_admin-v2.1/mail_compose.html]
[webapplayers.com/inspinia_admin-v2.1/email_template.html]
[webapplayers.com/inspinia_admin-v2.1/widgets.html]
[webapplayers.com/inspinia_admin-v2.1/form_basic.html]
[webapplayers.com/inspinia_admin-v2.1/form_advanced.html]
[webapplayers.com/inspinia_admin-v2.1/form_wizard.html]
[webapplayers.com/inspinia_admin-v2.1/form_file_upload.html]
[webapplayers.com/inspinia_admin-v2.1/form_editors.html]
[webapplayers.com/inspinia_admin-v2.1/projects.html]
[webapplayers.com/inspinia_admin-v2.1/project_detail.html]
[webapplayers.com/inspinia_admin-v2.1/teams_board.html]
[webapplayers.com/inspinia_admin-v2.1/clients.html]
[webapplayers.com/inspinia_admin-v2.1/full_height.html]
[webapplayers.com/inspinia_admin-v2.1/file_manager.html]
[webapplayers.com/inspinia_admin-v2.1/calendar.html]
[webapplayers.com/inspinia_admin-v2.1/issue_tracker.html]
[webapplayers.com/inspinia_admin-v2.1/blog.html]
[webapplayers.com/inspinia_admin-v2.1/article.html]
[webapplayers.com/inspinia_admin-v2.1/faq.html]
[webapplayers.com/inspinia_admin-v2.1/timeline.html]
[webapplayers.com/inspinia_admin-v2.1/pin_board.html]
[webapplayers.com/inspinia_admin-v2.1/search_results.html]
[webapplayers.com/inspinia_admin-v2.1/lockscreen.html]
[webapplayers.com/inspinia_admin-v2.1/invoice.html]
[webapplayers.com/inspinia_admin-v2.1/login_two_columns.html]
[webapplayers.com/inspinia_admin-v2.1/forgot_password.html]
[webapplayers.com/inspinia_admin-v2.1/register.html]
[webapplayers.com/inspinia_admin-v2.1/404.html]
[webapplayers.com/inspinia_admin-v2.1/500.html]
[webapplayers.com/inspinia_admin-v2.1/empty_page.html]
[webapplayers.com/inspinia_admin-v2.1/toastr_notifications.html]
[webapplayers.com/inspinia_admin-v2.1/nestable_list.html]
[webapplayers.com/inspinia_admin-v2.1/agile_board.html]
[webapplayers.com/inspinia_admin-v2.1/timeline_2.html]
[webapplayers.com/inspinia_admin-v2.1/diff.html]
[webapplayers.com/inspinia_admin-v2.1/spinners.html]
[webapplayers.com/inspinia_admin-v2.1/idle_timer.html]
[webapplayers.com/inspinia_admin-v2.1/tinycon.html]
[webapplayers.com/inspinia_admin-v2.1/google_maps.html]
[webapplayers.com/inspinia_admin-v2.1/code_editor.html]
[webapplayers.com/inspinia_admin-v2.1/modal_window.html]
[webapplayers.com/inspinia_admin-v2.1/forum_main.html]
[webapplayers.com/inspinia_admin-v2.1/validation.html]
[webapplayers.com/inspinia_admin-v2.1/tree_view.html]
[webapplayers.com/inspinia_admin-v2.1/chat_view.html]
[webapplayers.com/inspinia_admin-v2.1/typography.html]
[webapplayers.com/inspinia_admin-v2.1/icons.html]
[webapplayers.com/inspinia_admin-v2.1/draggable_panels.html]
[webapplayers.com/inspinia_admin-v2.1/buttons.html]
[webapplayers.com/inspinia_admin-v2.1/video.html]
[webapplayers.com/inspinia_admin-v2.1/tabs_panels.html]
[webapplayers.com/inspinia_admin-v2.1/notifications.html]
[webapplayers.com/inspinia_admin-v2.1/badges_labels.html]
[webapplayers.com/inspinia_admin-v2.1/grid_options.html]
[webapplayers.com/inspinia_admin-v2.1/table_basic.html]
[webapplayers.com/inspinia_admin-v2.1/table_data_tables.html]
[webapplayers.com/inspinia_admin-v2.1/jq_grid.html]
[webapplayers.com/inspinia_admin-v2.1/basic_gallery.html]
[webapplayers.com/inspinia_admin-v2.1/carousel.html]
[webapplayers.com/inspinia_admin-v2.1/css_animation.html]
[webapplayers.com/inspinia_admin-v2.1/Landing_page/index.html]
[webapplayers.com/inspinia_admin-v2.1/package.html]
[webapplayers.com/inspinia_admin-v2.1/img/a7.jpg]
[webapplayers.com/inspinia_admin-v2.1/img/a4.jpg]
[webapplayers.com/inspinia_admin-v2.1/img/profile.jpg]
[webapplayers.com/inspinia_admin-v2.1/img/a2.jpg]
[webapplayers.com/inspinia_admin-v2.1/img/a3.jpg]
[webapplayers.com/inspinia_admin-v2.1/img/a5.jpg]
[webapplayers.com/inspinia_admin-v2.1/img/a1.jpg]
[webapplayers.com/inspinia_admin-v2.1/img/a8.jpg]
[webapplayers.com/inspinia_admin-v2.1/js/jquery-2.1.1.js]
[webapplayers.com/inspinia_admin-v2.1/js/bootstrap.min.js]
[webapplayers.com/inspinia_admin-v2.1/js/plugins/metisMenu/jquery.metisMenu.js]
[webapplayers.com/inspinia_admin-v2.1/js/plugins/slimscroll/jquery.slimscroll.min.js]
[webapplayers.com/inspinia_admin-v2.1/js/plugins/flot/jquery.flot.js]
[webapplayers.com/inspinia_admin-v2.1/js/plugins/flot/jquery.flot.tooltip.min.js]
[webapplayers.com/inspinia_admin-v2.1/js/plugins/flot/jquery.flot.spline.js]
[webapplayers.com/inspinia_admin-v2.1/js/plugins/flot/jquery.flot.resize.js]
[webapplayers.com/inspinia_admin-v2.1/js/plugins/flot/jquery.flot.pie.js]
[webapplayers.com/inspinia_admin-v2.1/js/plugins/peity/jquery.peity.min.js]
[webapplayers.com/inspinia_admin-v2.1/js/demo/peity-demo.js]
[webapplayers.com/inspinia_admin-v2.1/js/inspinia.js]
[webapplayers.com/inspinia_admin-v2.1/js/plugins/pace/pace.min.js]
[webapplayers.com/inspinia_admin-v2.1/js/plugins/gritter/jquery.gritter.min.js]
[webapplayers.com/inspinia_admin-v2.1/js/plugins/jquery-ui/jquery-ui.min.js]
[webapplayers.com/inspinia_admin-v2.1/js/plugins/sparkline/jquery.sparkline.min.js]
[webapplayers.com/inspinia_admin-v2.1/js/demo/sparkline-demo.js]
[webapplayers.com/inspinia_admin-v2.1/js/plugins/chartJs/Chart.min.js]
[webapplayers.com/inspinia_admin-v2.1/js/plugins/toastr/toastr.min.js]
[www.google-analytics.com/analytics.js]
[webapplayers.com/inspinia_admin-v2.1/index.html]
[webapplayers.com/inspinia_admin-v2.1/fonts/glyphicons-halflings-regular.eot]
[webapplayers.com/inspinia_admin-v2.1/fonts/glyphicons-halflings-regular.woff2]
[webapplayers.com/inspinia_admin-v2.1/fonts/glyphicons-halflings-regulard41d.eot]
[webapplayers.com/inspinia_admin-v2.1/fonts/glyphicons-halflings-regular.woff]
[webapplayers.com/inspinia_admin-v2.1/fonts/glyphicons-halflings-regular.ttf]
[webapplayers.com/inspinia_admin-v2.1/css/bootstrap.min.css]
[webapplayers.com/inspinia_admin-v2.1/font-awesome/fonts/fontawesome-webfonte0a5.eot]
[webapplayers.com/inspinia_admin-v2.1/font-awesome/fonts/fontawesome-webfontd41d.eot]
[webapplayers.com/inspinia_admin-v2.1/font-awesome/fonts/fontawesome-webfonte0a5.woff2]
[webapplayers.com/inspinia_admin-v2.1/font-awesome/fonts/fontawesome-webfonte0a5.woff]
[webapplayers.com/inspinia_admin-v2.1/font-awesome/fonts/fontawesome-webfonte0a5.ttf]
[webapplayers.com/inspinia_admin-v2.1/font-awesome/css/font-awesome.css]
[webapplayers.com/inspinia_admin-v2.1/css/plugins/toastr/toastr.min.css]
[webapplayers.com/inspinia_admin-v2.1/js/plugins/gritter/images/ie-spacer.gif]
[webapplayers.com/inspinia_admin-v2.1/js/plugins/gritter/images/gritter.png]
[webapplayers.com/inspinia_admin-v2.1/js/plugins/gritter/images/gritter-light.png]
[webapplayers.com/inspinia_admin-v2.1/js/plugins/gritter/jquery.gritter.css]
[webapplayers.com/inspinia_admin-v2.1/css/animate.css]
[webapplayers.com/inspinia_admin-v2.1/css/patterns/header-profile.png]
[webapplayers.com/inspinia_admin-v2.1/css/patterns/shattered.png]
[webapplayers.com/inspinia_admin-v2.1/css/patterns/header-profile-skin-1.png]
[webapplayers.com/inspinia_admin-v2.1/css/patterns/header-profile-skin-3.png]
[webapplayers.com/inspinia_admin-v2.1/css/patterns/header-profile-skin-2.png]
[webapplayers.com/inspinia_admin-v2.1/css/style.css]
[webapplayers.com/inspinia_admin-v2.1/img/profile_big.jpg]
[24.media.tumblr.com/20a9c501846f50c1271210639987000f/tumblr_n4vje69pJm1st5lhmo1_1280.jpg]
[webapplayers.com/inspinia_admin-v2.1/img/p1.jpg]
[37.media.tumblr.com/9afe602b3e624aff6681b0b51f5a062b/tumblr_n4ef69szs71st5lhmo1_1280.jpg]
[webapplayers.com/inspinia_admin-v2.1/img/p3.jpg]
[webapplayers.com/inspinia_admin-v2.1/js/bootstrap.js]
[webapplayers.com/inspinia_admin-v2.1/profile.html]
[webapplayers.com/inspinia_admin-v2.1/img/a6.jpg]
[webapplayers.com/inspinia_admin-v2.1/contacts.html]
[webapplayers.com/inspinia_admin-v2.1/css/plugins/iCheck/custom.css]
[webapplayers.com/inspinia_admin-v2.1/js/plugins/iCheck/icheck.min.js]
[webapplayers.com/inspinia_admin-v2.1/mailbox.html]
[webapplayers.com/inspinia_admin-v2.1/login.html]
[webapplayers.com/inspinia_admin-v2.1/index-2.html]
[webapplayers.com/inspinia_admin-v2.1/css/plugins/morris/morris-0.4.3.min.css]
[webapplayers.com/inspinia_admin-v2.1/js/plugins/flot/jquery.flot.symbol.js]
[webapplayers.com/inspinia_admin-v2.1/js/plugins/flot/jquery.flot.time.js]
[webapplayers.com/inspinia_admin-v2.1/js/plugins/jvectormap/jquery-jvectormap-1.2.2.min.js]
[webapplayers.com/inspinia_admin-v2.1/dashboard_2.html]
[webapplayers.com/inspinia_admin-v2.1/js/plugins/easypiechart/jquery.easypiechart.js]
[webapplayers.com/inspinia_admin-v2.1/js/plugins/jvectormap/jquery-jvectormap-world-mill-en.js]
[webapplayers.com/inspinia_admin-v2.1/dashboard_3.html]
[webapplayers.com/inspinia_admin-v2.1/dashboard_4_1.html]
[webapplayers.com/inspinia_admin-v2.1/js/plugins/flot/curvedLines.js]
[webapplayers.com/inspinia_admin-v2.1/dashboard_4.html]
[webapplayers.com/inspinia_admin-v2.1/img/dashbard4_2.jpg]
[webapplayers.com/inspinia_admin-v2.1/img/dashbard4_1.jpg]
[webapplayers.com/inspinia_admin-v2.1/img/full_height.jpg]
[webapplayers.com/inspinia_admin-v2.1/off_canvas_menu.html]
[webapplayers.com/inspinia_admin-v2.1/layouts.html]
[webapplayers.com/inspinia_admin-v2.1/img/off_canvas.jpg]
[webapplayers.com/inspinia_admin-v2.1/graph_flot.html]
[webapplayers.com/inspinia_admin-v2.1/js/demo/flot-demo.js]
[webapplayers.com/inspinia_admin-v2.1/js/plugins/morris/raphael-2.1.0.min.js]
[webapplayers.com/inspinia_admin-v2.1/graph_morris.html]
[webapplayers.com/inspinia_admin-v2.1/js/plugins/morris/morris.js]
[webapplayers.com/inspinia_admin-v2.1/js/demo/morris-demo.js]
[webapplayers.com/inspinia_admin-v2.1/js/plugins/rickshaw/vendor/d3.v3.js]
[webapplayers.com/inspinia_admin-v2.1/graph_rickshaw.html]
[webapplayers.com/inspinia_admin-v2.1/js/demo/rickshaw-demo.js]
[webapplayers.com/inspinia_admin-v2.1/js/plugins/rickshaw/rickshaw.min.js]
[webapplayers.com/inspinia_admin-v2.1/graph_chartjs.html]
[webapplayers.com/inspinia_admin-v2.1/graph_peity.html]
[webapplayers.com/inspinia_admin-v2.1/graph_sparkline.html]
[webapplayers.com/inspinia_admin-v2.1/js/demo/chartjs-demo.js]
[webapplayers.com/inspinia_admin-v2.1/img/p2.jpg]
[webapplayers.com/inspinia_admin-v2.1/mail_detail.html]
[webapplayers.com/inspinia_admin-v2.1/css/plugins/summernote/summernote.css]
[webapplayers.com/inspinia_admin-v2.1/css/plugins/summernote/summernote-bs3.css]
[webapplayers.com/inspinia_admin-v2.1/mail_compose.html]
[webapplayers.com/inspinia_admin-v2.1/js/plugins/summernote/summernote.min.js]
[webapplayers.com/inspinia_admin-v2.1/email_templates/action.html]
[webapplayers.com/inspinia_admin-v2.1/img/email_1.jpg]
[webapplayers.com/inspinia_admin-v2.1/email_templates/alert.html]
[webapplayers.com/inspinia_admin-v2.1/img/email_2.jpg]
[webapplayers.com/inspinia_admin-v2.1/email_templates/billing.html]
[webapplayers.com/inspinia_admin-v2.1/email_template.html]
[webapplayers.com/inspinia_admin-v2.1/img/email_3.jpg]
[webapplayers.com/inspinia_admin-v2.1/widgets.html]
[webapplayers.com/inspinia_admin-v2.1/form_basic.html]
[webapplayers.com/inspinia_admin-v2.1/css/plugins/chosen/chosen.css]
[webapplayers.com/inspinia_admin-v2.1/css/plugins/colorpicker/bootstrap-colorpicker.min.css]
[webapplayers.com/inspinia_admin-v2.1/css/plugins/cropper/cropper.min.css]
[webapplayers.com/inspinia_admin-v2.1/css/plugins/switchery/switchery.css]
[webapplayers.com/inspinia_admin-v2.1/js/jquery-ui-1.10.4.min.js]
[webapplayers.com/inspinia_admin-v2.1/css/plugins/jasny/jasny-bootstrap.min.css]
[webapplayers.com/inspinia_admin-v2.1/css/plugins/nouslider/jquery.nouislider.css]
[webapplayers.com/inspinia_admin-v2.1/css/plugins/datapicker/datepicker3.css]
[webapplayers.com/inspinia_admin-v2.1/css/plugins/ionRangeSlider/ion.rangeSlider.css]
[webapplayers.com/inspinia_admin-v2.1/css/plugins/ionRangeSlider/ion.rangeSlider.skinFlat.css]
[webapplayers.com/inspinia_admin-v2.1/js/plugins/jsKnob/jquery.knob.js]
[webapplayers.com/inspinia_admin-v2.1/js/plugins/jasny/jasny-bootstrap.min.js]
[webapplayers.com/inspinia_admin-v2.1/js/plugins/chosen/chosen.jquery.js]
[webapplayers.com/inspinia_admin-v2.1/js/plugins/datapicker/bootstrap-datepicker.js]
[webapplayers.com/inspinia_admin-v2.1/js/plugins/nouslider/jquery.nouislider.min.js]
[webapplayers.com/inspinia_admin-v2.1/js/plugins/switchery/switchery.js]
[webapplayers.com/inspinia_admin-v2.1/js/plugins/ionRangeSlider/ion.rangeSlider.min.js]
[webapplayers.com/inspinia_admin-v2.1/js/plugins/colorpicker/bootstrap-colorpicker.min.js]
[webapplayers.com/inspinia_admin-v2.1/form_advanced.html]
[webapplayers.com/inspinia_admin-v2.1/js/plugins/cropper/cropper.min.js]
[webapplayers.com/inspinia_admin-v2.1/css/plugins/steps/jquery.steps.css]
[webapplayers.com/inspinia_admin-v2.1/js/plugins/staps/jquery.steps.min.js]
[webapplayers.com/inspinia_admin-v2.1/form_wizard.html]
[webapplayers.com/inspinia_admin-v2.1/js/plugins/validate/jquery.validate.min.js]
[webapplayers.com/inspinia_admin-v2.1/css/plugins/dropzone/basic.css]
[webapplayers.com/inspinia_admin-v2.1/css/plugins/dropzone/dropzone.css]
[webapplayers.com/inspinia_admin-v2.1/form_file_upload.html]
[webapplayers.com/inspinia_admin-v2.1/form_editors.html]
[webapplayers.com/inspinia_admin-v2.1/projects.html]
[webapplayers.com/inspinia_admin-v2.1/js/plugins/dropzone/dropzone.js]
[webapplayers.com/inspinia_admin-v2.1/img/zender_logo.png]
[webapplayers.com/inspinia_admin-v2.1/project_detail.html]
[webapplayers.com/inspinia_admin-v2.1/teams_board.html]
[webapplayers.com/inspinia_admin-v2.1/clients.html]
[webapplayers.com/inspinia_admin-v2.1/css/plugins/codemirror/codemirror.css]
[webapplayers.com/inspinia_admin-v2.1/full_height.html]
[webapplayers.com/inspinia_admin-v2.1/file_manager.html]
[webapplayers.com/inspinia_admin-v2.1/css/plugins/fullcalendar/fullcalendar.css]
[webapplayers.com/inspinia_admin-v2.1/css/plugins/codemirror/ambiance.css]
[webapplayers.com/inspinia_admin-v2.1/css/plugins/fullcalendar/fullcalendar.print.css]
[webapplayers.com/inspinia_admin-v2.1/js/plugins/fullcalendar/moment.min.js]
[webapplayers.com/inspinia_admin-v2.1/js/jquery-ui.custom.min.js]
[webapplayers.com/inspinia_admin-v2.1/calendar.html]
[webapplayers.com/inspinia_admin-v2.1/issue_tracker.html]
[webapplayers.com/inspinia_admin-v2.1/blog.html]
[webapplayers.com/inspinia_admin-v2.1/article.html]
[webapplayers.com/inspinia_admin-v2.1/faq.html]
[webapplayers.com/inspinia_admin-v2.1/timeline.html]
[webapplayers.com/inspinia_admin-v2.1/pin_board.html]
[webapplayers.com/inspinia_admin-v2.1/search_results.html]
[webapplayers.com/inspinia_admin-v2.1/js/plugins/fullcalendar/fullcalendar.min.js]
[s3.amazonaws.com/uifaces/faces/twitter/ok/128.jpg]
[webapplayers.com/inspinia_admin-v2.1/lockscreen.html]
[webapplayers.com/inspinia_admin-v2.1/invoice.html]
[webapplayers.com/inspinia_admin-v2.1/login_two_columns.html]
[webapplayers.com/inspinia_admin-v2.1/forgot_password.html]
[webapplayers.com/inspinia_admin-v2.1/register.html]
[webapplayers.com/inspinia_admin-v2.1/404.html]
[webapplayers.com/inspinia_admin-v2.1/500.html]
[webapplayers.com/inspinia_admin-v2.1/empty_page.html]
[webapplayers.com/inspinia_admin-v2.1/toastr_notifications.html]
[webapplayers.com/inspinia_admin-v2.1/invoice_print.html]
[webapplayers.com/inspinia_admin-v2.1/nestable_list.html]
[webapplayers.com/inspinia_admin-v2.1/agile_board.html]
[webapplayers.com/inspinia_admin-v2.1/timeline_2.html]
[webapplayers.com/inspinia_admin-v2.1/js/plugins/nestable/jquery.nestable.js]
[webapplayers.com/inspinia_admin-v2.1/diff.html]
[webapplayers.com/inspinia_admin-v2.1/js/plugins/diff_match_patch/javascript/diff_match_patch.js]
[webapplayers.com/inspinia_admin-v2.1/js/plugins/preetyTextDiff/jquery.pretty-text-diff.min.js]
[webapplayers.com/inspinia_admin-v2.1/idle_timer.html]
[webapplayers.com/inspinia_admin-v2.1/js/plugins/idle-timer/idle-timer.min.js]
[webapplayers.com/inspinia_admin-v2.1/spinners.html]
[webapplayers.com/inspinia_admin-v2.1/tinycon.html]
[webapplayers.com/inspinia_admin-v2.1/google_maps.html]
[webapplayers.com/inspinia_admin-v2.1/js/plugins/tinycon/tinycon.min.js]
[webapplayers.com/inspinia_admin-v2.1/js/plugins/codemirror/mode/javascript/javascript.js]
[webapplayers.com/inspinia_admin-v2.1/code_editor.html]
[webapplayers.com/inspinia_admin-v2.1/modal_window.html]
[webapplayers.com/inspinia_admin-v2.1/forum_post.html]
[webapplayers.com/inspinia_admin-v2.1/forum_main.html]
[webapplayers.com/inspinia_admin-v2.1/validation.html]
[webapplayers.com/inspinia_admin-v2.1/js/plugins/codemirror/codemirror.js]
[webapplayers.com/inspinia_admin-v2.1/css/plugins/jsTree/style.min.css]
[webapplayers.com/inspinia_admin-v2.1/tree_view.html]
[webapplayers.com/inspinia_admin-v2.1/chat_view.html]
[webapplayers.com/inspinia_admin-v2.1/typography.html]
[webapplayers.com/inspinia_admin-v2.1/icons.html]
[webapplayers.com/inspinia_admin-v2.1/draggable_panels.html]
[webapplayers.com/inspinia_admin-v2.1/buttons.html]
[webapplayers.com/inspinia_admin-v2.1/js/plugins/jsTree/jstree.min.js]
[webapplayers.com/inspinia_admin-v2.1/video.html]
[webapplayers.com/inspinia_admin-v2.1/tabs_panels.html]
[webapplayers.com/inspinia_admin-v2.1/notifications.html]
[webapplayers.com/inspinia_admin-v2.1/js/plugins/video/responsible-video.js]
[webapplayers.com/inspinia_admin-v2.1/badges_labels.html]
[webapplayers.com/inspinia_admin-v2.1/grid_options.html]
[webapplayers.com/inspinia_admin-v2.1/table_basic.html]
[webapplayers.com/inspinia_admin-v2.1/css/plugins/dataTables/dataTables.bootstrap.css]
[webapplayers.com/inspinia_admin-v2.1/css/plugins/dataTables/dataTables.responsive.css]
[webapplayers.com/inspinia_admin-v2.1/css/plugins/dataTables/dataTables.tableTools.min.css]
[webapplayers.com/inspinia_admin-v2.1/js/plugins/jeditable/jquery.jeditable.js]
[webapplayers.com/inspinia_admin-v2.1/js/plugins/dataTables/dataTables.bootstrap.js]
[webapplayers.com/inspinia_admin-v2.1/js/plugins/dataTables/dataTables.responsive.js]
[webapplayers.com/inspinia_admin-v2.1/table_data_tables.html]
[webapplayers.com/inspinia_admin-v2.1/js/plugins/dataTables/dataTables.tableTools.min.js]
[webapplayers.com/inspinia_admin-v2.1/css/plugins/jQueryUI/jquery-ui-1.10.4.custom.min.css]
[webapplayers.com/inspinia_admin-v2.1/css/plugins/jqGrid/ui.jqgrid.css]
[webapplayers.com/inspinia_admin-v2.1/js/plugins/dataTables/jquery.dataTables.js]
[webapplayers.com/inspinia_admin-v2.1/js/plugins/jqGrid/i18n/grid.locale-en.js]
[webapplayers.com/inspinia_admin-v2.1/jq_grid.html]
[webapplayers.com/inspinia_admin-v2.1/css/plugins/blueimp/css/blueimp-gallery.min.css]
[webapplayers.com/inspinia_admin-v2.1/img/gallery/1.jpg]
[webapplayers.com/inspinia_admin-v2.1/js/plugins/jqGrid/jquery.jqGrid.min.js]
[webapplayers.com/inspinia_admin-v2.1/img/gallery/1s.jpg]
[webapplayers.com/inspinia_admin-v2.1/img/gallery/2.jpg]
[webapplayers.com/inspinia_admin-v2.1/img/gallery/2s.jpg]
[webapplayers.com/inspinia_admin-v2.1/img/gallery/3.jpg]
[webapplayers.com/inspinia_admin-v2.1/img/gallery/3s.jpg]
[webapplayers.com/inspinia_admin-v2.1/img/gallery/4.jpg]
[webapplayers.com/inspinia_admin-v2.1/img/gallery/4s.jpg]
[webapplayers.com/inspinia_admin-v2.1/img/gallery/5.jpg]
[webapplayers.com/inspinia_admin-v2.1/img/gallery/5s.jpg]
[webapplayers.com/inspinia_admin-v2.1/img/gallery/6.jpg]
[webapplayers.com/inspinia_admin-v2.1/img/gallery/6s.jpg]
[webapplayers.com/inspinia_admin-v2.1/img/gallery/7.jpg]
[webapplayers.com/inspinia_admin-v2.1/img/gallery/7s.jpg]
[webapplayers.com/inspinia_admin-v2.1/img/gallery/8.jpg]
[webapplayers.com/inspinia_admin-v2.1/img/gallery/8s.jpg]
[webapplayers.com/inspinia_admin-v2.1/img/gallery/9.jpg]
[webapplayers.com/inspinia_admin-v2.1/img/gallery/9s.jpg]
[webapplayers.com/inspinia_admin-v2.1/img/gallery/10.jpg]
[webapplayers.com/inspinia_admin-v2.1/img/gallery/10s.jpg]
[webapplayers.com/inspinia_admin-v2.1/img/gallery/12.jpg]
[webapplayers.com/inspinia_admin-v2.1/img/gallery/12s.jpg]
[webapplayers.com/inspinia_admin-v2.1/img/gallery/11.jpg]
[webapplayers.com/inspinia_admin-v2.1/img/gallery/11s.jpg]
[webapplayers.com/inspinia_admin-v2.1/js/plugins/blueimp/jquery.blueimp-gallery.min.js]
[webapplayers.com/inspinia_admin-v2.1/basic_gallery.html]
[webapplayers.com/inspinia_admin-v2.1/img/p_big3.jpg]
[webapplayers.com/inspinia_admin-v2.1/img/p_big1.jpg]
[webapplayers.com/inspinia_admin-v2.1/carousel.html]
[webapplayers.com/inspinia_admin-v2.1/css_animation.html]
[webapplayers.com/inspinia_admin-v2.1/Landing_page/css/bootstrap.min.css]
[webapplayers.com/inspinia_admin-v2.1/Landing_page/css/animate.min.css]
[webapplayers.com/inspinia_admin-v2.1/Landing_page/font-awesome/css/font-awesome.min.css]
[webapplayers.com/inspinia_admin-v2.1/Landing_page/css/style.css]
[webapplayers.com/inspinia_admin-v2.1/Landing_page/img/laptop.png]
[webapplayers.com/inspinia_admin-v2.1/Landing_page/img/perspective.png]
[webapplayers.com/inspinia_admin-v2.1/Landing_page/img/dashboard.png]
[webapplayers.com/inspinia_admin-v2.1/Landing_page/img/avatar3.jpg]
[webapplayers.com/inspinia_admin-v2.1/Landing_page/img/avatar1.jpg]
[webapplayers.com/inspinia_admin-v2.1/Landing_page/img/avatar2.jpg]
[webapplayers.com/inspinia_admin-v2.1/Landing_page/img/iphone.jpg]
[webapplayers.com/inspinia_admin-v2.1/Landing_page/js/jquery-2.1.1.js]
[webapplayers.com/inspinia_admin-v2.1/Landing_page/js/pace.min.js]
[webapplayers.com/inspinia_admin-v2.1/Landing_page/js/bootstrap.min.js]
[webapplayers.com/inspinia_admin-v2.1/Landing_page/js/classie.js]
[webapplayers.com/inspinia_admin-v2.1/Landing_page/js/cbpAnimatedHeader.js]
[webapplayers.com/inspinia_admin-v2.1/Landing_page/js/wow.min.js]
[webapplayers.com/inspinia_admin-v2.1/Landing_page/index.html]
[webapplayers.com/inspinia_admin-v2.1/Landing_page/js/inspinia.js]
[webapplayers.com/inspinia_admin-v2.1/img/angular_logo.png]
[webapplayers.com/inspinia_admin-v2.1/img/mvc_logo.png]
[webapplayers.com/inspinia_admin-v2.1/Angular/index.html]
[webapplayers.com/inspinia_admin-v2.1/img/meteor_logo.png]
[webapplayers.com/inspinia_admin-v2.1/img/html_logo.png]
[webapplayers.com/inspinia_admin-v2.1/img/rails_logo.png]
[webapplayers.com/inspinia_admin-v2.1/package.html]
[webapplayers.com/inspinia_admin-v2.1/fonts/glyphicons-halflings-regular.svg]
[webapplayers.com/inspinia_admin-v2.1/font-awesome/fonts/fontawesome-webfonte0a5.svg]
[webapplayers.com/inspinia_admin-v2.1/css/plugins/iCheck/green.png]
[webapplayers.com/inspinia_admin-v2.1/css/plugins/iCheck/green@2x.png]
[webapplayers.com/inspinia_admin-v2.1/css/plugins/iCheck/custom.css]
[webapplayers.com/inspinia_admin-v2.1/css/plugins/morris/morris-0.4.3.min.css]
[webapplayers.com/inspinia_admin-v2.1/dashboard_4.html]
[webapplayers.com/inspinia_admin-v2.1/off_canvas_menu.html]
[webapplayers.com/inspinia_admin-v2.1/css/plugins/summernote/summernote.css]
[webapplayers.com/inspinia_admin-v2.1/css/plugins/summernote/summernote-bs3.css]
[webapplayers.com/inspinia_admin-v2.1/email_templates/styles.css]
[webapplayers.com/inspinia_admin-v2.1/email_templates/img/header.jpg]
[webapplayers.com/inspinia_admin-v2.1/email_templates/action.html]
[webapplayers.com/inspinia_admin-v2.1/email_templates/alert.html]
[webapplayers.com/inspinia_admin-v2.1/email_templates/billing.html]
[webapplayers.com/inspinia_admin-v2.1/img/email_3.jpg]
[webapplayers.com/inspinia_admin-v2.1/css/plugins/chosen/chosen-sprite.png]
[webapplayers.com/inspinia_admin-v2.1/css/plugins/chosen/chosen-sprite@2x.png]
[webapplayers.com/inspinia_admin-v2.1/css/plugins/chosen/chosen.css]
[webapplayers.com/inspinia_admin-v2.1/css/plugins/images/bootstrap-colorpicker/saturation.png]
[webapplayers.com/inspinia_admin-v2.1/css/plugins/images/bootstrap-colorpicker/hue.png]
[webapplayers.com/inspinia_admin-v2.1/css/plugins/images/bootstrap-colorpicker/alpha.png]
[webapplayers.com/inspinia_admin-v2.1/css/plugins/images/bootstrap-colorpicker/hue-horizontal.png]
[webapplayers.com/inspinia_admin-v2.1/css/plugins/images/bootstrap-colorpicker/alpha-horizontal.png]
[webapplayers.com/inspinia_admin-v2.1/css/plugins/colorpicker/bootstrap-colorpicker.min.css]
[webapplayers.com/inspinia_admin-v2.1/css/plugins/cropper/cropper.min.css]
[webapplayers.com/inspinia_admin-v2.1/css/plugins/switchery/switchery.css]
[webapplayers.com/inspinia_admin-v2.1/css/plugins/jasny/jasny-bootstrap.min.css]
[webapplayers.com/inspinia_admin-v2.1/css/plugins/nouslider/jquery.nouislider.css]
[webapplayers.com/inspinia_admin-v2.1/css/plugins/datapicker/datepicker3.css]
[webapplayers.com/inspinia_admin-v2.1/css/plugins/ionRangeSlider/ion.rangeSlider.css]
[webapplayers.com/inspinia_admin-v2.1/css/plugins/images/sprite-skin-flat.png]
[webapplayers.com/inspinia_admin-v2.1/css/plugins/ionRangeSlider/ion.rangeSlider.skinFlat.css]
[webapplayers.com/inspinia_admin-v2.1/css/plugins/steps/jquery.steps.css]
[webapplayers.com/inspinia_admin-v2.1/css/plugins/dropzone/basic.css]
[webapplayers.com/inspinia_admin-v2.1/css/plugins/images/spritemap.png]
[webapplayers.com/inspinia_admin-v2.1/css/plugins/images/spritemap@2x.png]
[webapplayers.com/inspinia_admin-v2.1/css/plugins/dropzone/dropzone.css]
[webapplayers.com/inspinia_admin-v2.1/css/plugins/codemirror/codemirror.css]
[webapplayers.com/inspinia_admin-v2.1/css/plugins/codemirror/ambiance.css]
[webapplayers.com/inspinia_admin-v2.1/css/plugins/fullcalendar/fullcalendar.css]
[webapplayers.com/inspinia_admin-v2.1/css/plugins/fullcalendar/fullcalendar.print.css]
[webapplayers.com/inspinia_admin-v2.1/invoice_print.html]
[webapplayers.com/inspinia_admin-v2.1/forum_post.html]
[webapplayers.com/inspinia_admin-v2.1/css/plugins/jsTree/style.min.css]
[webapplayers.com/inspinia_admin-v2.1/css/plugins/images/sort_asc.png]
[webapplayers.com/inspinia_admin-v2.1/css/plugins/images/sort_desc.png]
[webapplayers.com/inspinia_admin-v2.1/css/plugins/dataTables/dataTables.bootstrap.css]
[webapplayers.com/inspinia_admin-v2.1/css/plugins/dataTables/dataTables.responsive.css]
[webapplayers.com/inspinia_admin-v2.1/css/plugins/dataTables/dataTables.tableTools.min.css]
[webapplayers.com/inspinia_admin-v2.1/css/plugins/jQueryUI/images/ui-bg_flat_75_ffffff_40x100.png]
[webapplayers.com/inspinia_admin-v2.1/css/plugins/jQueryUI/images/ui-bg_highlight-soft_75_cccccc_1x100.png]
[webapplayers.com/inspinia_admin-v2.1/css/plugins/jQueryUI/images/ui-bg_glass_75_e6e6e6_1x400.png]
[webapplayers.com/inspinia_admin-v2.1/css/plugins/jQueryUI/images/ui-bg_glass_75_dadada_1x400.png]
[webapplayers.com/inspinia_admin-v2.1/css/plugins/jQueryUI/images/ui-bg_glass_65_ffffff_1x400.png]
[webapplayers.com/inspinia_admin-v2.1/css/plugins/jQueryUI/images/ui-bg_glass_55_fbf9ee_1x400.png]
[webapplayers.com/inspinia_admin-v2.1/css/plugins/jQueryUI/images/ui-bg_glass_95_fef1ec_1x400.png]
[webapplayers.com/inspinia_admin-v2.1/css/plugins/jQueryUI/images/ui-icons_222222_256x240.png]
[webapplayers.com/inspinia_admin-v2.1/css/plugins/jQueryUI/images/ui-icons_888888_256x240.png]
[webapplayers.com/inspinia_admin-v2.1/css/plugins/jQueryUI/images/ui-icons_454545_256x240.png]
[webapplayers.com/inspinia_admin-v2.1/css/plugins/jQueryUI/images/ui-icons_2e83ff_256x240.png]
[webapplayers.com/inspinia_admin-v2.1/css/plugins/jQueryUI/images/ui-icons_cd0a0a_256x240.png]
[webapplayers.com/inspinia_admin-v2.1/css/plugins/jQueryUI/images/ui-bg_flat_0_aaaaaa_40x100.png]
[webapplayers.com/inspinia_admin-v2.1/css/plugins/jQueryUI/jquery-ui-1.10.4.custom.min.css]
[webapplayers.com/inspinia_admin-v2.1/css/plugins/jqGrid/ui.jqgrid.css]
[webapplayers.com/inspinia_admin-v2.1/css/plugins/blueimp/img/loading.gif]
[webapplayers.com/inspinia_admin-v2.1/css/plugins/blueimp/img/error.png]
[webapplayers.com/inspinia_admin-v2.1/css/plugins/blueimp/img/play-pause.png]
[webapplayers.com/inspinia_admin-v2.1/css/plugins/blueimp/img/video-play.png]
[webapplayers.com/inspinia_admin-v2.1/css/plugins/blueimp/css/blueimp-gallery.min.css]
[webapplayers.com/inspinia_admin-v2.1/img/gallery/2.jpg]
[webapplayers.com/inspinia_admin-v2.1/img/gallery/1.jpg]
[webapplayers.com/inspinia_admin-v2.1/img/p_big2.jpg]
[webapplayers.com/inspinia_admin-v2.1/img/gallery/10.jpg]
[webapplayers.com/inspinia_admin-v2.1/Landing_page/fonts/glyphicons-halflings-regular.eot]
[webapplayers.com/inspinia_admin-v2.1/Landing_page/fonts/glyphicons-halflings-regulard41d.eot]
[webapplayers.com/inspinia_admin-v2.1/Landing_page/fonts/glyphicons-halflings-regular.woff]
[webapplayers.com/inspinia_admin-v2.1/Landing_page/css/bootstrap.min.css]
[webapplayers.com/inspinia_admin-v2.1/Landing_page/css/animate.min.css]
[webapplayers.com/inspinia_admin-v2.1/Landing_page/font-awesome/fonts/fontawesome-webfont78ce.eot]
[webapplayers.com/inspinia_admin-v2.1/Landing_page/font-awesome/fonts/fontawesome-webfontd41d.eot]
[webapplayers.com/inspinia_admin-v2.1/Landing_page/font-awesome/fonts/fontawesome-webfont78ce.woff]
[webapplayers.com/inspinia_admin-v2.1/Landing_page/font-awesome/fonts/fontawesome-webfont78ce.ttf]
[webapplayers.com/inspinia_admin-v2.1/Landing_page/font-awesome/css/font-awesome.min.css]
[webapplayers.com/inspinia_admin-v2.1/Landing_page/img/header_one.jpg]
[webapplayers.com/inspinia_admin-v2.1/Landing_page/img/header_two.jpg]
[webapplayers.com/inspinia_admin-v2.1/Landing_page/img/avatar_all.png]
[webapplayers.com/inspinia_admin-v2.1/Landing_page/img/word_map.png]
[webapplayers.com/inspinia_admin-v2.1/Landing_page/css/style.css]
[webapplayers.com/inspinia_admin-v2.1/Landing_page/img/iphone.jpg]
[webapplayers.com/inspinia_admin-v2.1/Angular/css/bootstrap.min.css]
[webapplayers.com/inspinia_admin-v2.1/Angular/css/animate.css]
[webapplayers.com/inspinia_admin-v2.1/Angular/font-awesome/css/font-awesome.css]
[webapplayers.com/inspinia_admin-v2.1/Angular/css/style.css]
[webapplayers.com/inspinia_admin-v2.1/Angular/js/jquery/jquery-2.1.1.min.js]
[webapplayers.com/inspinia_admin-v2.1/Angular/js/bootstrap/bootstrap.min.js]
[webapplayers.com/inspinia_admin-v2.1/Angular/js/plugins/metisMenu/jquery.metisMenu.js]
[webapplayers.com/inspinia_admin-v2.1/Angular/js/plugins/slimscroll/jquery.slimscroll.min.js]
[webapplayers.com/inspinia_admin-v2.1/Angular/js/plugins/pace/pace.min.js]
[webapplayers.com/inspinia_admin-v2.1/Angular/js/inspinia.js]
[webapplayers.com/inspinia_admin-v2.1/Angular/js/plugins/jquery-ui/jquery-ui.js]
[webapplayers.com/inspinia_admin-v2.1/Angular/js/angular/angular.min.js]
[webapplayers.com/inspinia_admin-v2.1/Angular/js/plugins/oclazyload/dist/ocLazyLoad.min.js]
[webapplayers.com/inspinia_admin-v2.1/Angular/js/angular-translate/angular-translate.min.js]
[webapplayers.com/inspinia_admin-v2.1/Angular/js/ui-router/angular-ui-router.min.js]
[webapplayers.com/inspinia_admin-v2.1/Angular/js/bootstrap/ui-bootstrap-tpls-0.12.0.min.js]
[webapplayers.com/inspinia_admin-v2.1/Angular/js/plugins/angular-idle/angular-idle.js]
[webapplayers.com/inspinia_admin-v2.1/Angular/js/app.js]
[webapplayers.com/inspinia_admin-v2.1/Angular/js/config.js]
[webapplayers.com/inspinia_admin-v2.1/Angular/js/translations.js]
[webapplayers.com/inspinia_admin-v2.1/Angular/js/directives.js]
[webapplayers.com/inspinia_admin-v2.1/Angular/index.html]
[webapplayers.com/inspinia_admin-v2.1/css/plugins/fonts/glyphicons-halflings-regular.html]
[webapplayers.com/inspinia_admin-v2.1/css/plugins/fonts/glyphicons-halflings-regulard41d.html]
[webapplayers.com/inspinia_admin-v2.1/css/plugins/fonts/glyphicons-halflings-regular-2.html]
[webapplayers.com/inspinia_admin-v2.1/css/plugins/fonts/glyphicons-halflings-regular-3.html]
[webapplayers.com/inspinia_admin-v2.1/css/plugins/fonts/glyphicons-halflings-regular-4.html]
[webapplayers.com/inspinia_admin-v2.1/email_templates/styles.css]
[webapplayers.com/inspinia_admin-v2.1/css/plugins/images/sort_both.html]
[webapplayers.com/inspinia_admin-v2.1/css/plugins/images/sort_asc_disabled.html]
[webapplayers.com/inspinia_admin-v2.1/css/plugins/images/sort_desc_disabled.html]
[webapplayers.com/inspinia_admin-v2.1/css/plugins/images/collection.html]
[webapplayers.com/inspinia_admin-v2.1/css/plugins/images/collection_hover.html]
[webapplayers.com/inspinia_admin-v2.1/css/plugins/images/background.html]
[webapplayers.com/inspinia_admin-v2.1/css/plugins/blueimp/img/error.svg]
[webapplayers.com/inspinia_admin-v2.1/css/plugins/blueimp/img/play-pause.svg]
[webapplayers.com/inspinia_admin-v2.1/css/plugins/blueimp/img/video-play.svg]
[webapplayers.com/inspinia_admin-v2.1/Landing_page/fonts/glyphicons-halflings-regular.svg]
[webapplayers.com/inspinia_admin-v2.1/Landing_page/fonts/glyphicons-halflings-regular.ttf]
[webapplayers.com/inspinia_admin-v2.1/Landing_page/img/header_one.jpg]
[webapplayers.com/inspinia_admin-v2.1/Landing_page/img/header_two.jpg]
[webapplayers.com/inspinia_admin-v2.1/Angular/font-awesome/fonts/fontawesome-webfonte0a5.eot]
[webapplayers.com/inspinia_admin-v2.1/Angular/font-awesome/fonts/fontawesome-webfontd41d.eot]
[webapplayers.com/inspinia_admin-v2.1/Angular/font-awesome/fonts/fontawesome-webfonte0a5.woff2]
[webapplayers.com/inspinia_admin-v2.1/Angular/font-awesome/fonts/fontawesome-webfonte0a5.woff]
[webapplayers.com/inspinia_admin-v2.1/Angular/font-awesome/fonts/fontawesome-webfonte0a5.ttf]
[webapplayers.com/inspinia_admin-v2.1/Angular/font-awesome/css/font-awesome.css]
[webapplayers.com/inspinia_admin-v2.1/Angular/fonts/glyphicons-halflings-regular.eot]
[webapplayers.com/inspinia_admin-v2.1/Angular/fonts/glyphicons-halflings-regulard41d.eot]
[webapplayers.com/inspinia_admin-v2.1/Angular/fonts/glyphicons-halflings-regular.woff]
[webapplayers.com/inspinia_admin-v2.1/Angular/fonts/glyphicons-halflings-regular.ttf]
[webapplayers.com/inspinia_admin-v2.1/Angular/css/bootstrap.min.css]
[webapplayers.com/inspinia_admin-v2.1/Angular/css/animate.css]
[webapplayers.com/inspinia_admin-v2.1/Angular/css/patterns/header-profile.png]
[webapplayers.com/inspinia_admin-v2.1/Angular/css/patterns/shattered.png]
[webapplayers.com/inspinia_admin-v2.1/Angular/css/patterns/header-profile-skin-1.png]
[webapplayers.com/inspinia_admin-v2.1/Angular/css/patterns/header-profile-skin-3.png]
[webapplayers.com/inspinia_admin-v2.1/Angular/css/patterns/header-profile-skin-2.png]
[webapplayers.com/inspinia_admin-v2.1/Angular/css/style.css]
[webapplayers.com/inspinia_admin-v2.1/Landing_page/img/header_one.jpg]
[webapplayers.com/inspinia_admin-v2.1/Angular/font-awesome/fonts/fontawesome-webfonte0a5.svg]
[webapplayers.com/inspinia_admin-v2.1/Angular/fonts/glyphicons-halflings-regular.html]
[webapplayers.com/inspinia_admin-v2.1/Angular/fonts/glyphicons-halflings-regular.svg]
[webapplayers.com/inspinia_admin-v2.1/Angular/js/controllers.js]
[webapplayers.com/inspinia_admin-v2.1/Landing_page/font-awesome/fonts/fontawesome-webfont78ce.svg]
